// Jest Snapshot v1, https://goo.gl/fbAQLP

exports[`Data List Test Should render Data List page correctly 1`] = `ReactWrapper {}`;
