// Jest Snapshot v1, https://goo.gl/fbAQLP

exports[`Home Test Should render Home correctly 1`] = `ReactWrapper {}`;
